Exception: runtime error: index out of range [0] with length 0
